I'm sorry, but errors were detected in your script. Please correct the
errors listed below, and try again.


File "game/script.rpy", line 36: expected statement.
    money = 50000
          ^

Ren'Py Version: Ren'Py 8.3.6.25022803
Sat Mar  8 08:40:11 2025
